Building DAG of jobs...
Using shell: /usr/bin/bash
Provided cores: 8
Rules claiming more threads will be scaled down.
Job counts:
	count	jobs
	1	calc_cov
	1

[Tue Apr 22 11:50:10 2025]
rule calc_cov:
    input: /projects/pangen/analysis/jtopham/fragx/samples/PAN21/PanGen-PAN21-cfDNA-2018Jan04.bam, /projects/pangen/analysis/hmac/applications/Griffin/snakemakes/griffin_GC_and_mappability_correction/results/GC_bias/PAN21.GC_bias.txt
    output: tmp/PAN21/tmp_bigWig/PAN21.uncorrected.bw, tmp/PAN21/tmp_bigWig/PAN21.GC_corrected.bw, tmp/PAN21/tmp_pybedtools
    jobid: 0
    wildcards: samples=PAN21

/usr/bin/bash: ../../scripts/griffin_coverage.py: No such file or directory
[Tue Apr 22 11:50:14 2025]
Error in rule calc_cov:
    jobid: 0
    output: tmp/PAN21/tmp_bigWig/PAN21.uncorrected.bw, tmp/PAN21/tmp_bigWig/PAN21.GC_corrected.bw, tmp/PAN21/tmp_pybedtools
    shell:
        time ../../scripts/griffin_coverage.py 		--sample_name PAN21 		--bam /projects/pangen/analysis/jtopham/fragx/samples/PAN21/PanGen-PAN21-cfDNA-2018Jan04.bam 		--GC_bias /projects/pangen/analysis/hmac/applications/Griffin/snakemakes/griffin_GC_and_mappability_correction/results/GC_bias/PAN21.GC_bias.txt 		--mappability_bias none 		--mappability_correction False 		--tmp_dir tmp 		--reference_genome /projects/pangen/analysis/jtopham/fragx/fragx_hg38_ref.fa 		--mappability_bw ../../Ref/k100.Umap.MultiTrackMappability.bw 		--chrom_sizes_path ../../Ref/hg38.standard.chrom.sizes 		--sites_yaml config/sites.yaml 		--griffin_scripts ../../scripts 		--chrom_column Chrom 		--position_column position 		--strand_column Strand 		--chroms chr1 chr2 chr3 chr4 chr5 chr6 chr7 chr8 chr9 chr10 chr11 chr12 chr13 chr14 chr15 chr16 chr17 chr18 chr19 chr20 chr21 chr22 		--norm_window -5000 5000 		--size_range 100 200 		--map_quality 20 		--number_of_sites none 		--sort_by none 		--ascending none 		--CPU 8 
        (one of the commands exited with non-zero exit code; note that snakemake uses bash strict mode!)

Shutting down, this might take some time.
Exiting because a job execution failed. Look above for error message
