Building DAG of jobs...
Using shell: /usr/bin/bash
Provided cores: 8
Rules claiming more threads will be scaled down.
Job counts:
	count	jobs
	1	calc_cov
	1

[Tue Apr 22 12:15:52 2025]
rule calc_cov:
    input: /projects/pangen/analysis/jtopham/fragx/samples/PAN27/PanGen-PAN27-WBC.bam, /projects/pangen/analysis/hmac/applications/Griffin/snakemakes/griffin_GC_and_mappability_correction/results/GC_bias/PAN27_WBC.GC_bias.txt
    output: tmp/PAN27_WBC/tmp_bigWig/PAN27_WBC.uncorrected.bw, tmp/PAN27_WBC/tmp_bigWig/PAN27_WBC.GC_corrected.bw, tmp/PAN27_WBC/tmp_pybedtools
    jobid: 0
    wildcards: samples=PAN27_WBC


parameters:
	sample_name = "PAN27_WBC"
	bam_path = "/projects/pangen/analysis/jtopham/fragx/samples/PAN27/PanGen-PAN27-WBC.bam"
	GC_bias_path = "/projects/pangen/analysis/hmac/applications/Griffin/snakemakes/griffin_GC_and_mappability_correction/results/GC_bias/PAN27_WBC.GC_bias.txt"
	mappability_bias_path = "none"
	tmp_dir = "tmp"
	ref_seq_path = "/projects/pangen/analysis/jtopham/fragx/fragx_hg38_ref.fa"
	mappability_bw = "/projects/pangen/analysis/hmac/applications/Griffin/Ref/k100.Umap.MultiTrackMappability.bw"
	chrom_sizes_path = "/projects/pangen/analysis/hmac/applications/Griffin/Ref/hg38.standard.chrom.sizes"
	sites_yaml = "/projects/pangen/analysis/hmac/applications/Griffin/test/config/sites.yaml"
	griffin_scripts_dir = "/projects/pangen/analysis/hmac/applications/Griffin/scripts"
	chrom_column = "Chrom"
	position_column = "position"
	strand_column = "Strand"
	chroms =  ['chr1', 'chr2', 'chr3', 'chr4', 'chr5', 'chr6', 'chr7', 'chr8', 'chr9', 'chr10', 'chr11', 'chr12', 'chr13', 'chr14', 'chr15', 'chr16', 'chr17', 'chr18', 'chr19', 'chr20', 'chr21', 'chr22']
	norm_window =  [-5000, 5000]
	sz_range = [100, 200]
	map_q = 20
	number_of_sites = "none"
	sort_by = "none"
	ascending = "none"
	CPU = 8


Skipping mappability correction
Traceback (most recent call last):
  File "/projects/pangen/analysis/hmac/applications/Griffin/scripts/griffin_coverage.py", line 288, in <module>
    with open(sites_yaml,'r') as f:
FileNotFoundError: [Errno 2] No such file or directory: 'config/sites.yaml'
[Tue Apr 22 12:15:57 2025]
Error in rule calc_cov:
    jobid: 0
    output: tmp/PAN27_WBC/tmp_bigWig/PAN27_WBC.uncorrected.bw, tmp/PAN27_WBC/tmp_bigWig/PAN27_WBC.GC_corrected.bw, tmp/PAN27_WBC/tmp_pybedtools
    shell:
        time /projects/pangen/analysis/hmac/applications/Griffin/scripts/griffin_coverage.py 		--sample_name PAN27_WBC 		--bam /projects/pangen/analysis/jtopham/fragx/samples/PAN27/PanGen-PAN27-WBC.bam 		--GC_bias /projects/pangen/analysis/hmac/applications/Griffin/snakemakes/griffin_GC_and_mappability_correction/results/GC_bias/PAN27_WBC.GC_bias.txt 		--mappability_bias none 		--mappability_correction False 		--tmp_dir tmp 		--reference_genome /projects/pangen/analysis/jtopham/fragx/fragx_hg38_ref.fa 		--mappability_bw /projects/pangen/analysis/hmac/applications/Griffin/Ref/k100.Umap.MultiTrackMappability.bw 		--chrom_sizes_path /projects/pangen/analysis/hmac/applications/Griffin/Ref/hg38.standard.chrom.sizes 		--sites_yaml config/sites.yaml 		--griffin_scripts /projects/pangen/analysis/hmac/applications/Griffin/scripts 		--chrom_column Chrom 		--position_column position 		--strand_column Strand 		--chroms chr1 chr2 chr3 chr4 chr5 chr6 chr7 chr8 chr9 chr10 chr11 chr12 chr13 chr14 chr15 chr16 chr17 chr18 chr19 chr20 chr21 chr22 		--norm_window -5000 5000 		--size_range 100 200 		--map_quality 20 		--number_of_sites none 		--sort_by none 		--ascending none 		--CPU 8 
        (one of the commands exited with non-zero exit code; note that snakemake uses bash strict mode!)

Removing output files of failed job calc_cov since they might be corrupted:
tmp/PAN27_WBC/tmp_pybedtools
Shutting down, this might take some time.
Exiting because a job execution failed. Look above for error message
